{
  "contribution": "TECHNICAL confirmed; not formal substantial clearance; count 8/10 unchanged",
  "evidence": "PRESEAL PASS",
  "mutable_ledger_drift": [
    "README.md",
    "frontier/README.md",
    "frontier/TEN-FINDINGS.md",
    "frontier/iterations/README.md"
  ],
  "network": false,
  "read_only": true,
  "review_verdicts_recorded_not_computed": {
    "A84": "ORIGINAL PASS WITHOUT REPAIRS for every 0<t<1",
    "I82_Proposition_S": "ORIGINAL PASS WITHOUT REPAIRS; Q82 not audited",
    "amplification": "ORIGINAL PASS WITHOUT REPAIRS at full stated scope",
    "intrinsic_trace_ideal_invariant": "ORIGINAL PASS WITHOUT REPAIRS at stated scope"
  },
  "stats": {
    "bound_passages": 37,
    "immutable_references": 130,
    "independent_diagnostics": {
      "scope": "Exact finite diagnostics only; no certification of infinite-algebra norms, ideal simplicity, trace uniqueness, normality or contribution.",
      "stats": {
        "actual_off_path_checks": 29166,
        "actual_path_matrices": 159,
        "amplification_entry_equalities": 320,
        "compression_rank_one_squared_norms": [
          0,
          0,
          1
        ],
        "fresh_support_checks": 81224,
        "full_commutant_compression_cases": 6,
        "nonfresh_negative_controls": 1,
        "observed_path_ranks": [
          0,
          2,
          4
        ],
        "reverse_amplifications": 3,
        "strict_witness_budgets": 406,
        "trace_scaling_shift_cases": 21,
        "unrelated_C2_flip_projection_ranks": [
          1,
          2
        ],
        "vectorization_left_unit_products": 1296,
        "vectorization_right_transpose_products": 81,
        "wrong_positive_half_squared_norm_ratio_at_c4": "16"
      },
      "status": "PASS"
    },
    "independent_search_lines": {
      "actual_construction": 40,
      "amplification_limits": 468,
      "trace_representation": 11396
    },
    "inherited_replays": {
      "I82": {
        "evidence": "PASS",
        "mutable_ledger_drift": [
          "README.md",
          "frontier/README.md",
          "frontier/TEN-FINDINGS.md",
          "frontier/iterations/README.md"
        ],
        "stats": {
          "corpus_git_blobs": 9340,
          "diagnostics": {
            "bernstein_envelopes": 59,
            "finite_height_propagations": 300,
            "fourth_moment_words": 81,
            "limits": "Exact finite checks only; no analytic or significance certification.",
            "parameter_budget": true,
            "raw_gram_factorization": true,
            "regularized_variance_checks": 3675,
            "second_moment_words": 9,
            "status": "PASS",
            "symmetrized_covariance_negative_quadratic": "-2"
          },
          "outside_git_blobs": 1033,
          "outside_pdf_extractions": 776,
          "passages": 67,
          "primary_pdf_replays": 5,
          "primary_responses": 9,
          "sealed_files": 51,
          "search_lines": {
            "cost_iso": 65,
            "families": 278,
            "quantitative": 833
          },
          "selected_upstream_pdf_replays": 11
        }
      },
      "I84": {
        "evidence": "PASS",
        "mutable_ledger_drift": [
          "README.md",
          "frontier/README.md",
          "frontier/TEN-FINDINGS.md",
          "frontier/iterations/README.md"
        ],
        "stats": {
          "corpus_git_blobs": 9340,
          "diagnostics": {
            "actual_off_path_identities": 6816,
            "fresh_generator_support_splits": 41600,
            "matrix_unit_vectorization_checks": 1296,
            "orthogonal_path_matrices": 52,
            "root_coefficients": 37,
            "scope": "Finite exact identities only; no infinite-algebra, normality, trace-uniqueness or novelty certificate.",
            "status": "PASS",
            "strict_bad_witness_budgets": 198,
            "trace_weight_normalization_checks": 18,
            "wrong_positive_half_scaling_at_c4_norm_ratio": "16"
          },
          "immutable_original_artifacts": {
            "I79": 1870,
            "I82": 51
          },
          "inherited_primary_pdf_replays": 1,
          "outside_git_blobs": 1033,
          "outside_pdf_extractions": 776,
          "passages": 33,
          "primary_pdf_replays": 6,
          "primary_responses": 13,
          "retained_http_failures": [
            "https://academic.oup.com/blms/article-abstract/15/6/604/261667"
          ],
          "scanned_page_render_replays": 2,
          "sealed_files": 68,
          "search_lines": {
            "abstract": 460,
            "close": 46,
            "ideal": 590
          },
          "selected_upstream_pdf_replays": 8
        }
      }
    },
    "retained_primary_failures": [
      "HTTP 403 Choi-Christensen",
      "HTTP 200 HTML instead of Powers PDF",
      "Haagerup extraction: 13 form feeds; rendered pages read"
    ],
    "unsealed_files": 29
  }
}
