{
  "scope": "Exact finite diagnostics only; no certification of infinite-algebra norms, ideal simplicity, trace uniqueness, normality or contribution.",
  "stats": {
    "actual_off_path_checks": 29166,
    "actual_path_matrices": 159,
    "amplification_entry_equalities": 320,
    "compression_rank_one_squared_norms": [
      0,
      0,
      1
    ],
    "fresh_support_checks": 81224,
    "full_commutant_compression_cases": 6,
    "nonfresh_negative_controls": 1,
    "observed_path_ranks": [
      0,
      2,
      4
    ],
    "reverse_amplifications": 3,
    "strict_witness_budgets": 406,
    "trace_scaling_shift_cases": 21,
    "unrelated_C2_flip_projection_ranks": [
      1,
      2
    ],
    "vectorization_left_unit_products": 1296,
    "vectorization_right_transpose_products": 81,
    "wrong_positive_half_squared_norm_ratio_at_c4": "16"
  },
  "status": "PASS"
}
