{
  "9": {
    "genus": 7,
    "max_eigenspace_rank": 2,
    "primitive_h10": {
      "1": 0,
      "2": 0,
      "4": 1,
      "5": 1,
      "7": 2,
      "8": 2
    }
  },
  "84": {
    "genus": 83,
    "max_eigenspace_rank": 2,
    "primitive_h10": {
      "1": 1,
      "5": 2,
      "11": 2,
      "13": 1,
      "17": 2,
      "19": 2,
      "23": 2,
      "25": 2,
      "29": 1,
      "31": 2,
      "37": 2,
      "41": 1,
      "43": 1,
      "47": 0,
      "53": 0,
      "55": 1,
      "59": 0,
      "61": 0,
      "65": 0,
      "67": 0,
      "71": 1,
      "73": 0,
      "79": 0,
      "83": 1
    }
  },
  "36": {
    "genus": 35,
    "max_eigenspace_rank": 2,
    "primitive_h10": {
      "1": 1,
      "5": 2,
      "7": 2,
      "11": 2,
      "13": 2,
      "17": 1,
      "19": 1,
      "23": 0,
      "25": 0,
      "29": 0,
      "31": 0,
      "35": 1
    }
  },
  "quotient9": {
    "kernel_size": 81,
    "annihilator": [
      [
        0,
        0,
        0
      ],
      [
        1,
        4,
        7
      ],
      [
        2,
        8,
        5
      ],
      [
        3,
        3,
        3
      ],
      [
        4,
        7,
        1
      ],
      [
        5,
        2,
        8
      ],
      [
        6,
        6,
        6
      ],
      [
        7,
        1,
        4
      ],
      [
        8,
        5,
        2
      ]
    ],
    "C3_orbits": [
      [
        1,
        4,
        7
      ],
      [
        2,
        5,
        8
      ],
      [
        3
      ],
      [
        6
      ]
    ],
    "primitive_H3_by_p": {
      "1": 8,
      "2": 8
    },
    "singular_quotient_H3_by_p": {
      "0": 1,
      "1": 8,
      "2": 8,
      "3": 1
    },
    "H1_invariant_dimension": 0,
    "warning": "Resolution may add cohomology. No coniveau or algebraicity conclusion."
  }
}
