0: 100 7 21 26
0: 200 14 49 48
0: 300 10 90 58
0: 400 9 127 71
0: 500 11 163 85
0: 600 13 202 94
0: 700 12 235 112
0: 800 11 276 121
0: 900 12 315 132
0: 1000 12 354 144
0: 1100 12 393 152
0: 1200 14 443 153
0: 1300 11 487 160
0: 1400 12 534 162
0: 1500 15 584 162
0: 1600 9 635 162
0: 1700 15 683 164
0: 1800 13 733 164
0: 1900 10 783 164
0: 2000 11 833 164
0: 2100 14 884 164
0: 2200 10 933 164
0: 2300 13 982 165
0: 2400 17 1031 165
0: 2500 15 1079 166
0: 2600 10 1132 166
0: 2700 14 1180 166
0: 2800 11 1232 166
0: 2900 10 1281 166
0: 3000 18 1329 166
0: 3100 11 1381 166
0: 3200 12 1432 166
0: 3300 13 1481 166
0: 3400 12 1532 166
0: 3500 16 1581 166
0: 3600 11 1632 166
0: 3700 13 1681 166
0: 3800 16 1731 166
0: 3900 14 1781 166
0: 4000 16 1831 166
0: 4100 13 1881 166
0: 4200 15 1931 166
0: 4300 17 1980 166
0: 4400 12 2032 166
done 4479 19 lp=2074 lt=166

real	1m38.066s
user	1m37.948s
sys	0m0.112s
