6 total(exact) 2428 failed 0 equality 2428
7 total(exact) 4476 failed 0 equality 315
8 total(exact) 6820 failed 0 equality 255
9 total(exact) 6899 failed 0 equality 250
10 total(exact) 6886 failed 0 equality 264
11 total(exact) 6814 failed 0 equality 279
12 total(exact) 6850 failed 0 equality 294
13 total(exact) 6872 failed 0 equality 309
14 total(exact) 6973 failed 0 equality 324
15 total(exact) 7131 failed 0 equality 339
16 total(exact) 7370 failed 0 equality 354
17 total(exact) 7599 failed 0 equality 369
18 total(exact) 7801 failed 0 equality 384
19 total(exact) 8057 failed 0 equality 399
20 total(exact) 8233 failed 0 equality 414
21 total(exact) 8427 failed 0 equality 429
22 total(exact) 8650 failed 0 equality 444
23 total(exact) 8850 failed 0 equality 459
24 total(exact) 9031 failed 0 equality 474
25 total(exact) 9268 failed 0 equality 489
24 flags 29814 max 25
30 flags 46805 max 25
36 flags 50091 max 25
42 flags 54443 max 25
48 flags 63027 max 25
54 flags 74729 max 20
60 flags 90684 max 18
66 flags 109505 max 18
72 flags 130920 max 19
78 flags 155274 max 20
84 flags 182871 max 21
90 flags 214444 max 22
96 flags 248073 max 23
102 flags 285382 max 24
108 flags 324614 max 25
114 flags 366623 max 26
120 flags 410723 max 26
126 flags 457715 max 26
132 flags 506088 max 26
138 flags 557588 max 26
144 flags 610285 max 27
