Memory limit per child: 1536 MiB; core dumps disabled.
Independent characters use grid-connected, square-free skew diagrams.
dump n=1 status=0 wall_seconds=0.004
child_cpu_seconds=0.003 cumulative_child_max_rss_kib=10560
PASS n=1 partitions=1 all squares, mixed vector, dimensions, conjugation; covering_shapes=[[1]]
dump n=2 status=0 wall_seconds=0.002
child_cpu_seconds=0.002 cumulative_child_max_rss_kib=10564
PASS n=2 partitions=2 all squares, mixed vector, dimensions, conjugation; covering_shapes=[]
dump n=3 status=0 wall_seconds=0.002
child_cpu_seconds=0.002 cumulative_child_max_rss_kib=10564
PASS n=3 partitions=3 all squares, mixed vector, dimensions, conjugation; covering_shapes=[[2, 1]]
dump n=4 status=0 wall_seconds=0.002
child_cpu_seconds=0.002 cumulative_child_max_rss_kib=10572
PASS n=4 partitions=5 all squares, mixed vector, dimensions, conjugation; covering_shapes=[]
dump n=5 status=0 wall_seconds=0.002
child_cpu_seconds=0.002 cumulative_child_max_rss_kib=10584
PASS n=5 partitions=7 all squares, mixed vector, dimensions, conjugation; covering_shapes=[[3, 1, 1]]
dump n=6 status=0 wall_seconds=0.002
child_cpu_seconds=0.002 cumulative_child_max_rss_kib=10600
PASS n=6 partitions=11 all squares, mixed vector, dimensions, conjugation; covering_shapes=[[3, 2, 1]]
dump n=7 status=0 wall_seconds=0.002
child_cpu_seconds=0.002 cumulative_child_max_rss_kib=10648
PASS n=7 partitions=15 all squares, mixed vector, dimensions, conjugation; covering_shapes=[[4, 1, 1, 1]]
dump n=8 status=0 wall_seconds=0.003
child_cpu_seconds=0.002 cumulative_child_max_rss_kib=10704
PASS n=8 partitions=22 all squares, mixed vector, dimensions, conjugation; covering_shapes=[[4, 2, 1, 1], [3, 3, 2]]
dump n=9 status=0 wall_seconds=0.003
child_cpu_seconds=0.003 cumulative_child_max_rss_kib=10796
PASS n=9 partitions=30 all squares, mixed vector, dimensions, conjugation; covering_shapes=[]
dump n=10 status=0 wall_seconds=0.005
child_cpu_seconds=0.004 cumulative_child_max_rss_kib=11004
PASS n=10 partitions=42 all squares, mixed vector, dimensions, conjugation; covering_shapes=[[5, 2, 1, 1, 1], [4, 3, 2, 1]]
dump n=11 status=0 wall_seconds=0.007
child_cpu_seconds=0.007 cumulative_child_max_rss_kib=11416
PASS n=11 partitions=56 all squares, mixed vector, dimensions, conjugation; covering_shapes=[[4, 3, 3, 1]]
dump n=12 status=0 wall_seconds=0.014
child_cpu_seconds=0.014 cumulative_child_max_rss_kib=11988
PASS n=12 partitions=77 all squares, mixed vector, dimensions, conjugation; covering_shapes=[[6, 2, 1, 1, 1, 1], [5, 3, 2, 1, 1], [4, 4, 2, 2]]
