Memory limit per child: 1536 MiB; core dumps disabled.
Wall limit per child: 300.0 seconds.
n=1 status=0 wall_seconds=0.002
stdout=''
stderr='child_cpu_seconds=0.002 cumulative_child_max_rss_kib=10560\n'
n=3 status=0 wall_seconds=0.002
stdout=''
stderr='child_cpu_seconds=0.002 cumulative_child_max_rss_kib=10564\n'
n=5 status=0 wall_seconds=0.002
stdout=''
stderr='child_cpu_seconds=0.002 cumulative_child_max_rss_kib=10564\n'
n=6 status=0 wall_seconds=0.002
stdout=''
stderr='child_cpu_seconds=0.001 cumulative_child_max_rss_kib=10564\n'
n=7 status=0 wall_seconds=0.002
stdout=''
stderr='child_cpu_seconds=0.002 cumulative_child_max_rss_kib=10564\n'
n=8 status=0 wall_seconds=0.002
stdout=''
stderr='child_cpu_seconds=0.001 cumulative_child_max_rss_kib=10564\n'
n=10 status=0 wall_seconds=0.002
stdout=''
stderr='child_cpu_seconds=0.002 cumulative_child_max_rss_kib=10564\n'
n=11 status=0 wall_seconds=0.002
stdout=''
stderr='child_cpu_seconds=0.002 cumulative_child_max_rss_kib=10564\n'
n=12 status=0 wall_seconds=0.002
stdout=''
stderr='child_cpu_seconds=0.002 cumulative_child_max_rss_kib=10564\n'
n=13 status=0 wall_seconds=0.002
stdout=''
stderr='child_cpu_seconds=0.002 cumulative_child_max_rss_kib=10564\n'
n=14 status=0 wall_seconds=0.002
stdout=''
stderr='child_cpu_seconds=0.002 cumulative_child_max_rss_kib=10564\n'
n=15 status=0 wall_seconds=0.002
stdout=''
stderr='child_cpu_seconds=0.002 cumulative_child_max_rss_kib=10564\n'
n=16 status=0 wall_seconds=0.002
stdout=''
stderr='child_cpu_seconds=0.002 cumulative_child_max_rss_kib=10564\n'
n=17 status=0 wall_seconds=0.003
stdout=''
stderr='child_cpu_seconds=0.002 cumulative_child_max_rss_kib=10564\n'
n=18 status=0 wall_seconds=0.003
stdout=''
stderr='child_cpu_seconds=0.002 cumulative_child_max_rss_kib=10564\n'
n=19 status=0 wall_seconds=0.003
stdout=''
stderr='child_cpu_seconds=0.003 cumulative_child_max_rss_kib=10564\n'
n=20 status=0 wall_seconds=0.003
stdout=''
stderr='child_cpu_seconds=0.003 cumulative_child_max_rss_kib=10564\n'
n=21 status=0 wall_seconds=0.003
stdout=''
stderr='child_cpu_seconds=0.003 cumulative_child_max_rss_kib=10564\n'
n=22 status=0 wall_seconds=0.005
stdout=''
stderr='child_cpu_seconds=0.004 cumulative_child_max_rss_kib=10564\n'
n=23 status=0 wall_seconds=0.006
stdout=''
stderr='child_cpu_seconds=0.005 cumulative_child_max_rss_kib=10564\n'
n=24 status=0 wall_seconds=0.006
stdout=''
stderr='child_cpu_seconds=0.006 cumulative_child_max_rss_kib=10564\n'
n=25 status=0 wall_seconds=0.006
stdout=''
stderr='child_cpu_seconds=0.006 cumulative_child_max_rss_kib=10568\n'
n=26 status=0 wall_seconds=0.012
stdout=''
stderr='child_cpu_seconds=0.012 cumulative_child_max_rss_kib=10568\n'
n=27 status=0 wall_seconds=0.015
stdout=''
stderr='child_cpu_seconds=0.015 cumulative_child_max_rss_kib=10568\n'
n=28 status=0 wall_seconds=0.010
stdout=''
stderr='child_cpu_seconds=0.010 cumulative_child_max_rss_kib=10568\n'
n=29 status=0 wall_seconds=0.025
stdout=''
stderr='child_cpu_seconds=0.024 cumulative_child_max_rss_kib=10568\n'
n=30 status=0 wall_seconds=0.033
stdout=''
stderr='child_cpu_seconds=0.033 cumulative_child_max_rss_kib=10568\n'
n=31 status=0 wall_seconds=0.036
stdout=''
stderr='child_cpu_seconds=0.036 cumulative_child_max_rss_kib=10568\n'
n=32 status=0 wall_seconds=0.028
stdout=''
stderr='child_cpu_seconds=0.028 cumulative_child_max_rss_kib=10568\n'
n=33 status=0 wall_seconds=0.038
stdout=''
stderr='child_cpu_seconds=0.038 cumulative_child_max_rss_kib=10568\n'
n=34 status=0 wall_seconds=0.092
stdout=''
stderr='child_cpu_seconds=0.091 cumulative_child_max_rss_kib=10568\n'
n=35 status=0 wall_seconds=0.110
stdout=''
stderr='child_cpu_seconds=0.110 cumulative_child_max_rss_kib=10568\n'
n=36 status=0 wall_seconds=0.111
stdout=''
stderr='child_cpu_seconds=0.111 cumulative_child_max_rss_kib=10568\n'
n=37 status=0 wall_seconds=0.156
stdout=''
stderr='child_cpu_seconds=0.156 cumulative_child_max_rss_kib=10568\n'
n=38 status=0 wall_seconds=0.273
stdout=''
stderr='child_cpu_seconds=0.272 cumulative_child_max_rss_kib=10568\n'
n=39 status=0 wall_seconds=0.320
stdout=''
stderr='child_cpu_seconds=0.320 cumulative_child_max_rss_kib=10568\n'
n=40 status=0 wall_seconds=0.180
stdout=''
stderr='child_cpu_seconds=0.179 cumulative_child_max_rss_kib=11096\n'
n=41 status=0 wall_seconds=0.487
stdout=''
stderr='child_cpu_seconds=0.486 cumulative_child_max_rss_kib=12664\n'
n=42 status=0 wall_seconds=0.709
stdout=''
stderr='child_cpu_seconds=0.708 cumulative_child_max_rss_kib=14724\n'
n=43 status=0 wall_seconds=0.542
stdout=''
stderr='child_cpu_seconds=0.541 cumulative_child_max_rss_kib=16604\n'
n=44 status=0 wall_seconds=1.058
stdout=''
stderr='child_cpu_seconds=1.057 cumulative_child_max_rss_kib=19380\n'
n=45 status=0 wall_seconds=1.501
stdout=''
stderr='child_cpu_seconds=1.500 cumulative_child_max_rss_kib=22604\n'
n=46 status=0 wall_seconds=1.990
stdout=''
stderr='child_cpu_seconds=1.989 cumulative_child_max_rss_kib=26380\n'
n=47 status=0 wall_seconds=2.618
stdout=''
stderr='child_cpu_seconds=2.618 cumulative_child_max_rss_kib=30396\n'
n=48 status=0 wall_seconds=2.866
stdout=''
stderr='child_cpu_seconds=2.865 cumulative_child_max_rss_kib=36056\n'
n=49 status=0 wall_seconds=1.372
stdout=''
stderr='child_cpu_seconds=1.372 cumulative_child_max_rss_kib=41348\n'
n=50 status=0 wall_seconds=4.332
stdout=''
stderr='child_cpu_seconds=4.331 cumulative_child_max_rss_kib=50192\n'
n=51 status=0 wall_seconds=6.506
stdout=''
stderr='child_cpu_seconds=6.506 cumulative_child_max_rss_kib=58216\n'
n=52 status=0 wall_seconds=8.100
stdout=''
stderr='child_cpu_seconds=8.099 cumulative_child_max_rss_kib=70464\n'
n=53 status=0 wall_seconds=9.580
stdout=''
stderr='child_cpu_seconds=9.580 cumulative_child_max_rss_kib=83864\n'
n=54 status=0 wall_seconds=10.849
stdout=''
stderr='child_cpu_seconds=10.849 cumulative_child_max_rss_kib=101268\n'
n=55 status=0 wall_seconds=14.973
stdout=''
stderr='child_cpu_seconds=14.973 cumulative_child_max_rss_kib=110584\n'
n=56 status=0 wall_seconds=6.707
stdout=''
stderr='child_cpu_seconds=6.707 cumulative_child_max_rss_kib=134060\n'
n=57 status=0 wall_seconds=23.750
stdout=''
stderr='child_cpu_seconds=23.750 cumulative_child_max_rss_kib=158472\n'
n=58 status=0 wall_seconds=28.264
stdout=''
stderr='child_cpu_seconds=28.265 cumulative_child_max_rss_kib=188640\n'
n=59 status=0 wall_seconds=32.175
stdout=''
stderr='child_cpu_seconds=32.176 cumulative_child_max_rss_kib=213944\n'
n=60 status=0 wall_seconds=40.886
stdout=''
stderr='child_cpu_seconds=40.885 cumulative_child_max_rss_kib=252832\n'
n=61 status=0 wall_seconds=60.823
stdout=''
stderr='child_cpu_seconds=60.824 cumulative_child_max_rss_kib=295344\n'
n=62 status=0 wall_seconds=62.683
stdout=''
stderr='child_cpu_seconds=62.684 cumulative_child_max_rss_kib=341656\n'
n=63 status=0 wall_seconds=88.970
stdout=''
stderr='child_cpu_seconds=88.972 cumulative_child_max_rss_kib=397776\n'
n=64 status=0 wall_seconds=116.495
stdout=''
stderr='child_cpu_seconds=116.499 cumulative_child_max_rss_kib=453640\n'
