{
  "single_endpoint_pattern_sign_cases": 2000,
  "signed_orbit_cases": 344498,
  "reassembly": {
    "cases": 6050,
    "individually_biased_dyads": 776
  },
  "determinant_square_cases": 267,
  "signed_divisor_and_nonunit_cases": 939,
  "positive_sieve_split_cases": 999,
  "signed_allocation_cases": 11880,
  "counterexamples": {
    "E_band_vs_full_sign": {
      "active_primes": [
        3,
        5
      ],
      "prime_endpoint": 7,
      "band_sign": 1,
      "lambda": -1
    },
    "mobius_shared_overlap": {
      "D": 2,
      "w": 2,
      "wprime": 3,
      "mu_Dw_mu_Dwprime": 0,
      "mu_w_mu_wprime": 1
    },
    "discrepancy_not_stable_under_lambda": {
      "m": [
        2,
        4
      ],
      "alpha": [
        1,
        -2
      ],
      "untwisted_reciprocal": "0",
      "twisted_reciprocal": "-1"
    },
    "carella_sign_identity": {
      "Nplus": 7,
      "Nminus": 3,
      "Q": 10,
      "S": 4,
      "correct_Nplus": "7",
      "correct_Nminus": "3",
      "incorrect_Nminus_plus_sign": "7"
    }
  },
  "meaning": "All exact identities passed; this is neither an asymptotic proof nor a novelty certificate."
}
