{
  "shared_dilation_identity": {
    "nonunit_source_cases": 243782,
    "failures": 0
  },
  "single_endpoint_failure": {
    "M": 5,
    "r": 2,
    "w": 1,
    "averaged_mass": "1/4",
    "desired_indicator": 0
  },
  "core_invariance_failure": {
    "M": 3,
    "target": 1,
    "n": 1,
    "active_prime": 5,
    "indicator_n": 1,
    "indicator_active_times_n": 0
  },
  "periodic_Fourier_identity": {
    "max_abs_error": 4.0732568254679784e-13
  },
  "uniform_multiplicative_convolution": {
    "moduli": 63,
    "failures": 0
  },
  "quadratic_classes": {
    "bases": 189,
    "prime_instances": 18488,
    "failures": 0
  },
  "local_entanglement_counterexample": {
    "base": 5,
    "modulus": 5,
    "class": 1,
    "primes_checked": 306,
    "all_quadratic_residues": true
  },
  "union_density": [
    {
      "Y": 3,
      "M": 24,
      "union_prime_density": "1/8",
      "one_class_density": "1/8",
      "Y_times_union_density": 0.375
    },
    {
      "Y": 5,
      "M": 120,
      "union_prime_density": "3/32",
      "one_class_density": "1/32",
      "Y_times_union_density": 0.46875
    },
    {
      "Y": 7,
      "M": 840,
      "union_prime_density": "5/64",
      "one_class_density": "1/192",
      "Y_times_union_density": 0.546875
    },
    {
      "Y": 11,
      "M": 9240,
      "union_prime_density": "9/128",
      "one_class_density": "1/1920",
      "Y_times_union_density": 0.7734375
    },
    {
      "Y": 13,
      "M": 120120,
      "union_prime_density": "33/512",
      "one_class_density": "1/23040",
      "Y_times_union_density": 0.837890625
    }
  ]
}
