{
  "scope": "Finite exact algebra and diagnostics only; theta=1/4 and 1/10 are NOT the required theta<1e-6.",
  "group_order": 18,
  "commutator_order": 9,
  "conjugacy_class_count": 6,
  "prime_trace_checks": 4784,
  "oriented_ray_checks": 9568,
  "occupied_ray_classes": 432,
  "norm_dilation_checks": 324,
  "norm_residue_counterexample": [
    {
      "p": 67,
      "generator": [
        -2,
        -9
      ],
      "label": [
        1,
        0
      ],
      "good": true
    },
    {
      "p": 139,
      "generator": [
        10,
        -3
      ],
      "label": [
        1,
        2
      ],
      "good": false
    }
  ],
  "stripping_counterexamples": [
    {
      "active_prime": 7,
      "w": 1,
      "unstripped": "-1/2",
      "stripped": "1"
    },
    {
      "active_prime": 7,
      "w": 2,
      "unstripped": "-1/2",
      "stripped": "1"
    },
    {
      "active_prime": 7,
      "w": 3,
      "unstripped": "-1/2",
      "stripped": "1"
    },
    {
      "active_prime": 7,
      "w": 6,
      "unstripped": "1/4",
      "stripped": "-1/2"
    },
    {
      "active_prime": 7,
      "w": 12,
      "unstripped": "1/4",
      "stripped": "-1/2"
    },
    {
      "active_prime": 7,
      "w": 18,
      "unstripped": "1/4",
      "stripped": "-1/2"
    },
    {
      "active_prime": 13,
      "w": 1,
      "unstripped": "-1/2",
      "stripped": "1"
    },
    {
      "active_prime": 13,
      "w": 2,
      "unstripped": "-1/2",
      "stripped": "1"
    }
  ],
  "tiny_theta_lower_log_x": 1098612.2886681098,
  "failures": 0
}
