7 (1, 1, 1, 4) prim pairs {1: (Fraction(0, 1), Fraction(2, 1)), 2: (Fraction(0, 1), Fraction(2, 1)), 3: (Fraction(1, 1), Fraction(1, 1))} nonprim {}
7 (1, 2, 2, 2) prim pairs {1: (Fraction(0, 1), Fraction(2, 1)), 2: (Fraction(1, 1), Fraction(1, 1)), 3: (Fraction(2, 1), Fraction(0, 1))} nonprim {}
7 (2, 4, 4, 4) prim pairs {1: (Fraction(1, 1), Fraction(1, 1)), 2: (Fraction(0, 1), Fraction(2, 1)), 3: (Fraction(2, 1), Fraction(0, 1))} nonprim {}
7 (3, 3, 3, 5) prim pairs {1: (Fraction(1, 1), Fraction(1, 1)), 2: (Fraction(2, 1), Fraction(0, 1)), 3: (Fraction(0, 1), Fraction(2, 1))} nonprim {}
7 (3, 6, 6, 6) prim pairs {1: (Fraction(2, 1), Fraction(0, 1)), 2: (Fraction(2, 1), Fraction(0, 1)), 3: (Fraction(1, 1), Fraction(1, 1))} nonprim {}
7 (5, 5, 5, 6) prim pairs {1: (Fraction(2, 1), Fraction(0, 1)), 2: (Fraction(1, 1), Fraction(1, 1)), 3: (Fraction(0, 1), Fraction(2, 1))} nonprim {}
9 (1, 1, 1, 6) prim pairs {1: (Fraction(0, 1), Fraction(2, 1)), 2: (Fraction(0, 1), Fraction(2, 1)), 4: (Fraction(1, 1), Fraction(1, 1))} nonprim {3: (Fraction(0, 1), Fraction(1, 1))}
9 (1, 1, 2, 5) prim pairs {1: (Fraction(0, 1), Fraction(2, 1)), 2: (Fraction(0, 1), Fraction(2, 1)), 4: (Fraction(1, 1), Fraction(1, 1))} nonprim {3: (Fraction(1, 1), Fraction(1, 1))}
9 (1, 2, 2, 4) prim pairs {1: (Fraction(0, 1), Fraction(2, 1)), 2: (Fraction(1, 1), Fraction(1, 1)), 4: (Fraction(2, 1), Fraction(0, 1))} nonprim {3: (Fraction(1, 1), Fraction(1, 1))}
9 (1, 5, 5, 7) prim pairs {1: (Fraction(1, 1), Fraction(1, 1)), 2: (Fraction(0, 1), Fraction(2, 1)), 4: (Fraction(0, 1), Fraction(2, 1))} nonprim {3: (Fraction(1, 1), Fraction(1, 1))}
9 (2, 2, 2, 3) prim pairs {1: (Fraction(0, 1), Fraction(2, 1)), 2: (Fraction(1, 1), Fraction(1, 1)), 4: (Fraction(2, 1), Fraction(0, 1))} nonprim {3: (Fraction(1, 1), Fraction(0, 1))}
9 (2, 4, 4, 8) prim pairs {1: (Fraction(1, 1), Fraction(1, 1)), 2: (Fraction(2, 1), Fraction(0, 1)), 4: (Fraction(2, 1), Fraction(0, 1))} nonprim {3: (Fraction(1, 1), Fraction(1, 1))}
9 (3, 5, 5, 5) prim pairs {1: (Fraction(1, 1), Fraction(1, 1)), 2: (Fraction(0, 1), Fraction(2, 1)), 4: (Fraction(0, 1), Fraction(2, 1))} nonprim {3: (Fraction(1, 1), Fraction(0, 1))}
9 (3, 8, 8, 8) prim pairs {1: (Fraction(2, 1), Fraction(0, 1)), 2: (Fraction(2, 1), Fraction(0, 1)), 4: (Fraction(1, 1), Fraction(1, 1))} nonprim {3: (Fraction(1, 1), Fraction(0, 1))}
9 (4, 4, 4, 6) prim pairs {1: (Fraction(1, 1), Fraction(1, 1)), 2: (Fraction(2, 1), Fraction(0, 1)), 4: (Fraction(2, 1), Fraction(0, 1))} nonprim {3: (Fraction(0, 1), Fraction(1, 1))}
9 (4, 7, 8, 8) prim pairs {1: (Fraction(2, 1), Fraction(0, 1)), 2: (Fraction(2, 1), Fraction(0, 1)), 4: (Fraction(1, 1), Fraction(1, 1))} nonprim {3: (Fraction(1, 1), Fraction(1, 1))}
9 (5, 7, 7, 8) prim pairs {1: (Fraction(2, 1), Fraction(0, 1)), 2: (Fraction(1, 1), Fraction(1, 1)), 4: (Fraction(0, 1), Fraction(2, 1))} nonprim {3: (Fraction(1, 1), Fraction(1, 1))}
9 (6, 7, 7, 7) prim pairs {1: (Fraction(2, 1), Fraction(0, 1)), 2: (Fraction(1, 1), Fraction(1, 1)), 4: (Fraction(0, 1), Fraction(2, 1))} nonprim {3: (Fraction(0, 1), Fraction(1, 1))}
14 (1, 1, 1, 11) prim pairs {1: (Fraction(0, 1), Fraction(2, 1)), 3: (Fraction(0, 1), Fraction(2, 1)), 5: (Fraction(1, 1), Fraction(1, 1))} nonprim {2: (Fraction(0, 1), Fraction(2, 1)), 4: (Fraction(0, 1), Fraction(2, 1)), 6: (Fraction(1, 1), Fraction(1, 1))}
14 (1, 1, 2, 10) prim pairs {1: (Fraction(0, 1), Fraction(2, 1)), 3: (Fraction(0, 1), Fraction(2, 1)), 5: (Fraction(1, 1), Fraction(1, 1))} nonprim {2: (Fraction(0, 1), Fraction(2, 1)), 4: (Fraction(1, 1), Fraction(1, 1)), 6: (Fraction(1, 1), Fraction(1, 1))}
14 (1, 1, 3, 9) prim pairs {1: (Fraction(0, 1), Fraction(2, 1)), 3: (Fraction(1, 1), Fraction(1, 1)), 5: (Fraction(0, 1), Fraction(2, 1))} nonprim {2: (Fraction(0, 1), Fraction(2, 1)), 4: (Fraction(1, 1), Fraction(1, 1)), 6: (Fraction(1, 1), Fraction(1, 1))}
14 (1, 1, 5, 7) prim pairs {1: (Fraction(0, 1), Fraction(2, 1)), 3: (Fraction(0, 1), Fraction(2, 1)), 5: (Fraction(1, 1), Fraction(1, 1))} nonprim {2: (Fraction(0, 1), Fraction(1, 1)), 4: (Fraction(0, 1), Fraction(1, 1)), 6: (Fraction(0, 1), Fraction(1, 1))}
14 (1, 2, 5, 6) prim pairs {1: (Fraction(0, 1), Fraction(2, 1)), 3: (Fraction(0, 1), Fraction(2, 1)), 5: (Fraction(1, 1), Fraction(1, 1))} nonprim {2: (Fraction(1, 1), Fraction(1, 1)), 4: (Fraction(1, 1), Fraction(1, 1)), 6: (Fraction(1, 1), Fraction(1, 1))}
14 (1, 3, 3, 7) prim pairs {1: (Fraction(0, 1), Fraction(2, 1)), 3: (Fraction(1, 1), Fraction(1, 1)), 5: (Fraction(0, 1), Fraction(2, 1))} nonprim {2: (Fraction(0, 1), Fraction(1, 1)), 4: (Fraction(1, 1), Fraction(0, 1)), 6: (Fraction(0, 1), Fraction(1, 1))}
14 (1, 3, 4, 6) prim pairs {1: (Fraction(0, 1), Fraction(2, 1)), 3: (Fraction(1, 1), Fraction(1, 1)), 5: (Fraction(0, 1), Fraction(2, 1))} nonprim {2: (Fraction(1, 1), Fraction(1, 1)), 4: (Fraction(1, 1), Fraction(1, 1)), 6: (Fraction(1, 1), Fraction(1, 1))}
14 (1, 3, 5, 5) prim pairs {1: (Fraction(0, 1), Fraction(2, 1)), 3: (Fraction(0, 1), Fraction(2, 1)), 5: (Fraction(1, 1), Fraction(1, 1))} nonprim {2: (Fraction(1, 1), Fraction(1, 1)), 4: (Fraction(1, 1), Fraction(1, 1)), 6: (Fraction(0, 1), Fraction(2, 1))}
14 (1, 5, 11, 11) prim pairs {1: (Fraction(1, 1), Fraction(1, 1)), 3: (Fraction(0, 1), Fraction(2, 1)), 5: (Fraction(2, 1), Fraction(0, 1))} nonprim {2: (Fraction(1, 1), Fraction(1, 1)), 4: (Fraction(0, 1), Fraction(2, 1)), 6: (Fraction(1, 1), Fraction(1, 1))}
14 (1, 9, 9, 9) prim pairs {1: (Fraction(1, 1), Fraction(1, 1)), 3: (Fraction(2, 1), Fraction(0, 1)), 5: (Fraction(0, 1), Fraction(2, 1))} nonprim {2: (Fraction(0, 1), Fraction(2, 1)), 4: (Fraction(1, 1), Fraction(1, 1)), 6: (Fraction(2, 1), Fraction(0, 1))}
14 (2, 3, 3, 6) prim pairs {1: (Fraction(0, 1), Fraction(2, 1)), 3: (Fraction(1, 1), Fraction(1, 1)), 5: (Fraction(0, 1), Fraction(2, 1))} nonprim {2: (Fraction(1, 1), Fraction(1, 1)), 4: (Fraction(2, 1), Fraction(0, 1)), 6: (Fraction(1, 1), Fraction(1, 1))}
14 (2, 5, 10, 11) prim pairs {1: (Fraction(1, 1), Fraction(1, 1)), 3: (Fraction(0, 1), Fraction(2, 1)), 5: (Fraction(2, 1), Fraction(0, 1))} nonprim {2: (Fraction(1, 1), Fraction(1, 1)), 4: (Fraction(1, 1), Fraction(1, 1)), 6: (Fraction(1, 1), Fraction(1, 1))}
14 (3, 3, 3, 5) prim pairs {1: (Fraction(0, 1), Fraction(2, 1)), 3: (Fraction(1, 1), Fraction(1, 1)), 5: (Fraction(0, 1), Fraction(2, 1))} nonprim {2: (Fraction(1, 1), Fraction(1, 1)), 4: (Fraction(2, 1), Fraction(0, 1)), 6: (Fraction(0, 1), Fraction(2, 1))}
14 (3, 3, 9, 13) prim pairs {1: (Fraction(1, 1), Fraction(1, 1)), 3: (Fraction(2, 1), Fraction(0, 1)), 5: (Fraction(0, 1), Fraction(2, 1))} nonprim {2: (Fraction(1, 1), Fraction(1, 1)), 4: (Fraction(2, 1), Fraction(0, 1)), 6: (Fraction(1, 1), Fraction(1, 1))}
14 (3, 4, 9, 12) prim pairs {1: (Fraction(1, 1), Fraction(1, 1)), 3: (Fraction(2, 1), Fraction(0, 1)), 5: (Fraction(0, 1), Fraction(2, 1))} nonprim {2: (Fraction(1, 1), Fraction(1, 1)), 4: (Fraction(1, 1), Fraction(1, 1)), 6: (Fraction(1, 1), Fraction(1, 1))}
14 (3, 7, 9, 9) prim pairs {1: (Fraction(1, 1), Fraction(1, 1)), 3: (Fraction(2, 1), Fraction(0, 1)), 5: (Fraction(0, 1), Fraction(2, 1))} nonprim {2: (Fraction(0, 1), Fraction(1, 1)), 4: (Fraction(1, 1), Fraction(0, 1)), 6: (Fraction(1, 1), Fraction(0, 1))}
14 (3, 13, 13, 13) prim pairs {1: (Fraction(2, 1), Fraction(0, 1)), 3: (Fraction(2, 1), Fraction(0, 1)), 5: (Fraction(1, 1), Fraction(1, 1))} nonprim {2: (Fraction(2, 1), Fraction(0, 1)), 4: (Fraction(2, 1), Fraction(0, 1)), 6: (Fraction(1, 1), Fraction(1, 1))}
14 (4, 6, 9, 9) prim pairs {1: (Fraction(1, 1), Fraction(1, 1)), 3: (Fraction(2, 1), Fraction(0, 1)), 5: (Fraction(0, 1), Fraction(2, 1))} nonprim {2: (Fraction(1, 1), Fraction(1, 1)), 4: (Fraction(1, 1), Fraction(1, 1)), 6: (Fraction(2, 1), Fraction(0, 1))}
14 (4, 12, 13, 13) prim pairs {1: (Fraction(2, 1), Fraction(0, 1)), 3: (Fraction(2, 1), Fraction(0, 1)), 5: (Fraction(1, 1), Fraction(1, 1))} nonprim {2: (Fraction(2, 1), Fraction(0, 1)), 4: (Fraction(1, 1), Fraction(1, 1)), 6: (Fraction(1, 1), Fraction(1, 1))}
14 (5, 5, 5, 13) prim pairs {1: (Fraction(1, 1), Fraction(1, 1)), 3: (Fraction(0, 1), Fraction(2, 1)), 5: (Fraction(2, 1), Fraction(0, 1))} nonprim {2: (Fraction(2, 1), Fraction(0, 1)), 4: (Fraction(1, 1), Fraction(1, 1)), 6: (Fraction(0, 1), Fraction(2, 1))}
14 (5, 5, 7, 11) prim pairs {1: (Fraction(1, 1), Fraction(1, 1)), 3: (Fraction(0, 1), Fraction(2, 1)), 5: (Fraction(2, 1), Fraction(0, 1))} nonprim {2: (Fraction(1, 1), Fraction(0, 1)), 4: (Fraction(0, 1), Fraction(1, 1)), 6: (Fraction(0, 1), Fraction(1, 1))}
14 (5, 5, 8, 10) prim pairs {1: (Fraction(1, 1), Fraction(1, 1)), 3: (Fraction(0, 1), Fraction(2, 1)), 5: (Fraction(2, 1), Fraction(0, 1))} nonprim {2: (Fraction(1, 1), Fraction(1, 1)), 4: (Fraction(1, 1), Fraction(1, 1)), 6: (Fraction(0, 1), Fraction(2, 1))}
14 (5, 11, 13, 13) prim pairs {1: (Fraction(2, 1), Fraction(0, 1)), 3: (Fraction(1, 1), Fraction(1, 1)), 5: (Fraction(2, 1), Fraction(0, 1))} nonprim {2: (Fraction(2, 1), Fraction(0, 1)), 4: (Fraction(1, 1), Fraction(1, 1)), 6: (Fraction(1, 1), Fraction(1, 1))}
14 (7, 9, 13, 13) prim pairs {1: (Fraction(2, 1), Fraction(0, 1)), 3: (Fraction(2, 1), Fraction(0, 1)), 5: (Fraction(1, 1), Fraction(1, 1))} nonprim {2: (Fraction(1, 1), Fraction(0, 1)), 4: (Fraction(1, 1), Fraction(0, 1)), 6: (Fraction(1, 1), Fraction(0, 1))}
14 (7, 11, 11, 13) prim pairs {1: (Fraction(2, 1), Fraction(0, 1)), 3: (Fraction(1, 1), Fraction(1, 1)), 5: (Fraction(2, 1), Fraction(0, 1))} nonprim {2: (Fraction(1, 1), Fraction(0, 1)), 4: (Fraction(0, 1), Fraction(1, 1)), 6: (Fraction(1, 1), Fraction(0, 1))}
14 (8, 9, 12, 13) prim pairs {1: (Fraction(2, 1), Fraction(0, 1)), 3: (Fraction(2, 1), Fraction(0, 1)), 5: (Fraction(1, 1), Fraction(1, 1))} nonprim {2: (Fraction(1, 1), Fraction(1, 1)), 4: (Fraction(1, 1), Fraction(1, 1)), 6: (Fraction(1, 1), Fraction(1, 1))}
14 (8, 10, 11, 13) prim pairs {1: (Fraction(2, 1), Fraction(0, 1)), 3: (Fraction(1, 1), Fraction(1, 1)), 5: (Fraction(2, 1), Fraction(0, 1))} nonprim {2: (Fraction(1, 1), Fraction(1, 1)), 4: (Fraction(1, 1), Fraction(1, 1)), 6: (Fraction(1, 1), Fraction(1, 1))}
14 (8, 11, 11, 12) prim pairs {1: (Fraction(2, 1), Fraction(0, 1)), 3: (Fraction(1, 1), Fraction(1, 1)), 5: (Fraction(2, 1), Fraction(0, 1))} nonprim {2: (Fraction(1, 1), Fraction(1, 1)), 4: (Fraction(0, 1), Fraction(2, 1)), 6: (Fraction(1, 1), Fraction(1, 1))}
14 (9, 9, 11, 13) prim pairs {1: (Fraction(2, 1), Fraction(0, 1)), 3: (Fraction(2, 1), Fraction(0, 1)), 5: (Fraction(1, 1), Fraction(1, 1))} nonprim {2: (Fraction(1, 1), Fraction(1, 1)), 4: (Fraction(1, 1), Fraction(1, 1)), 6: (Fraction(2, 1), Fraction(0, 1))}
14 (9, 11, 11, 11) prim pairs {1: (Fraction(2, 1), Fraction(0, 1)), 3: (Fraction(1, 1), Fraction(1, 1)), 5: (Fraction(2, 1), Fraction(0, 1))} nonprim {2: (Fraction(1, 1), Fraction(1, 1)), 4: (Fraction(0, 1), Fraction(2, 1)), 6: (Fraction(2, 1), Fraction(0, 1))}
18 (1, 1, 1, 15) prim pairs {1: (Fraction(0, 1), Fraction(2, 1)), 5: (Fraction(0, 1), Fraction(2, 1)), 7: (Fraction(1, 1), Fraction(1, 1))} nonprim {2: (Fraction(0, 1), Fraction(2, 1)), 3: (Fraction(0, 1), Fraction(2, 1)), 4: (Fraction(0, 1), Fraction(2, 1)), 6: (Fraction(0, 1), Fraction(1, 1)), 8: (Fraction(1, 1), Fraction(1, 1))}
18 (1, 1, 3, 13) prim pairs {1: (Fraction(0, 1), Fraction(2, 1)), 5: (Fraction(1, 1), Fraction(1, 1)), 7: (Fraction(0, 1), Fraction(2, 1))} nonprim {2: (Fraction(0, 1), Fraction(2, 1)), 3: (Fraction(0, 1), Fraction(2, 1)), 4: (Fraction(1, 1), Fraction(1, 1)), 6: (Fraction(0, 1), Fraction(1, 1)), 8: (Fraction(1, 1), Fraction(1, 1))}
18 (1, 1, 4, 12) prim pairs {1: (Fraction(0, 1), Fraction(2, 1)), 5: (Fraction(0, 1), Fraction(2, 1)), 7: (Fraction(1, 1), Fraction(1, 1))} nonprim {2: (Fraction(0, 1), Fraction(2, 1)), 3: (Fraction(0, 1), Fraction(1, 1)), 4: (Fraction(1, 1), Fraction(1, 1)), 6: (Fraction(0, 1), Fraction(1, 1)), 8: (Fraction(1, 1), Fraction(1, 1))}
18 (1, 1, 5, 11) prim pairs {1: (Fraction(0, 1), Fraction(2, 1)), 5: (Fraction(0, 1), Fraction(2, 1)), 7: (Fraction(1, 1), Fraction(1, 1))} nonprim {2: (Fraction(0, 1), Fraction(2, 1)), 3: (Fraction(1, 1), Fraction(1, 1)), 4: (Fraction(0, 1), Fraction(2, 1)), 6: (Fraction(1, 1), Fraction(1, 1)), 8: (Fraction(1, 1), Fraction(1, 1))}
18 (1, 2, 4, 11) prim pairs {1: (Fraction(0, 1), Fraction(2, 1)), 5: (Fraction(0, 1), Fraction(2, 1)), 7: (Fraction(1, 1), Fraction(1, 1))} nonprim {2: (Fraction(0, 1), Fraction(2, 1)), 3: (Fraction(1, 1), Fraction(1, 1)), 4: (Fraction(1, 1), Fraction(1, 1)), 6: (Fraction(1, 1), Fraction(1, 1)), 8: (Fraction(2, 1), Fraction(0, 1))}
18 (1, 2, 5, 10) prim pairs {1: (Fraction(0, 1), Fraction(2, 1)), 5: (Fraction(1, 1), Fraction(1, 1)), 7: (Fraction(2, 1), Fraction(0, 1))} nonprim {2: (Fraction(0, 1), Fraction(2, 1)), 3: (Fraction(1, 1), Fraction(1, 1)), 4: (Fraction(0, 1), Fraction(2, 1)), 6: (Fraction(1, 1), Fraction(1, 1)), 8: (Fraction(1, 1), Fraction(1, 1))}
18 (1, 3, 3, 11) prim pairs {1: (Fraction(0, 1), Fraction(2, 1)), 5: (Fraction(1, 1), Fraction(1, 1)), 7: (Fraction(0, 1), Fraction(2, 1))} nonprim {2: (Fraction(0, 1), Fraction(2, 1)), 3: (Fraction(1, 1), Fraction(1, 1)), 4: (Fraction(1, 1), Fraction(1, 1)), 6: (Fraction(0, 1), Fraction(0, 1)), 8: (Fraction(1, 1), Fraction(1, 1))}
18 (1, 3, 6, 8) prim pairs {1: (Fraction(0, 1), Fraction(2, 1)), 5: (Fraction(1, 1), Fraction(1, 1)), 7: (Fraction(0, 1), Fraction(2, 1))} nonprim {2: (Fraction(1, 1), Fraction(1, 1)), 3: (Fraction(0, 1), Fraction(1, 1)), 4: (Fraction(1, 1), Fraction(1, 1)), 6: (Fraction(0, 1), Fraction(0, 1)), 8: (Fraction(1, 1), Fraction(1, 1))}
18 (1, 3, 7, 7) prim pairs {1: (Fraction(0, 1), Fraction(2, 1)), 5: (Fraction(2, 1), Fraction(0, 1)), 7: (Fraction(1, 1), Fraction(1, 1))} nonprim {2: (Fraction(1, 1), Fraction(1, 1)), 3: (Fraction(0, 1), Fraction(2, 1)), 4: (Fraction(1, 1), Fraction(1, 1)), 6: (Fraction(0, 1), Fraction(1, 1)), 8: (Fraction(0, 1), Fraction(2, 1))}
18 (1, 4, 4, 9) prim pairs {1: (Fraction(0, 1), Fraction(2, 1)), 5: (Fraction(0, 1), Fraction(2, 1)), 7: (Fraction(1, 1), Fraction(1, 1))} nonprim {2: (Fraction(0, 1), Fraction(1, 1)), 3: (Fraction(1, 1), Fraction(1, 1)), 4: (Fraction(1, 1), Fraction(0, 1)), 6: (Fraction(0, 1), Fraction(1, 1)), 8: (Fraction(1, 1), Fraction(0, 1))}
18 (1, 4, 5, 8) prim pairs {1: (Fraction(0, 1), Fraction(2, 1)), 5: (Fraction(0, 1), Fraction(2, 1)), 7: (Fraction(1, 1), Fraction(1, 1))} nonprim {2: (Fraction(1, 1), Fraction(1, 1)), 3: (Fraction(1, 1), Fraction(1, 1)), 4: (Fraction(1, 1), Fraction(1, 1)), 6: (Fraction(1, 1), Fraction(1, 1)), 8: (Fraction(1, 1), Fraction(1, 1))}
18 (1, 5, 5, 7) prim pairs {1: (Fraction(0, 1), Fraction(2, 1)), 5: (Fraction(1, 1), Fraction(1, 1)), 7: (Fraction(2, 1), Fraction(0, 1))} nonprim {2: (Fraction(1, 1), Fraction(1, 1)), 3: (Fraction(1, 1), Fraction(1, 1)), 4: (Fraction(0, 1), Fraction(2, 1)), 6: (Fraction(1, 1), Fraction(1, 1)), 8: (Fraction(0, 1), Fraction(2, 1))}
18 (1, 5, 15, 15) prim pairs {1: (Fraction(1, 1), Fraction(1, 1)), 5: (Fraction(0, 1), Fraction(2, 1)), 7: (Fraction(2, 1), Fraction(0, 1))} nonprim {2: (Fraction(1, 1), Fraction(1, 1)), 3: (Fraction(1, 1), Fraction(1, 1)), 4: (Fraction(0, 1), Fraction(2, 1)), 6: (Fraction(0, 1), Fraction(0, 1)), 8: (Fraction(1, 1), Fraction(1, 1))}
18 (1, 8, 11, 16) prim pairs {1: (Fraction(1, 1), Fraction(1, 1)), 5: (Fraction(0, 1), Fraction(2, 1)), 7: (Fraction(0, 1), Fraction(2, 1))} nonprim {2: (Fraction(1, 1), Fraction(1, 1)), 3: (Fraction(1, 1), Fraction(1, 1)), 4: (Fraction(1, 1), Fraction(1, 1)), 6: (Fraction(1, 1), Fraction(1, 1)), 8: (Fraction(1, 1), Fraction(1, 1))}
18 (1, 11, 11, 13) prim pairs {1: (Fraction(1, 1), Fraction(1, 1)), 5: (Fraction(0, 1), Fraction(2, 1)), 7: (Fraction(0, 1), Fraction(2, 1))} nonprim {2: (Fraction(0, 1), Fraction(2, 1)), 3: (Fraction(1, 1), Fraction(1, 1)), 4: (Fraction(1, 1), Fraction(1, 1)), 6: (Fraction(1, 1), Fraction(1, 1)), 8: (Fraction(2, 1), Fraction(0, 1))}
18 (2, 2, 5, 9) prim pairs {1: (Fraction(0, 1), Fraction(2, 1)), 5: (Fraction(1, 1), Fraction(1, 1)), 7: (Fraction(2, 1), Fraction(0, 1))} nonprim {2: (Fraction(0, 1), Fraction(1, 1)), 3: (Fraction(1, 1), Fraction(1, 1)), 4: (Fraction(0, 1), Fraction(1, 1)), 6: (Fraction(1, 1), Fraction(0, 1)), 8: (Fraction(1, 1), Fraction(0, 1))}
18 (2, 3, 3, 10) prim pairs {1: (Fraction(0, 1), Fraction(2, 1)), 5: (Fraction(2, 1), Fraction(0, 1)), 7: (Fraction(1, 1), Fraction(1, 1))} nonprim {2: (Fraction(0, 1), Fraction(2, 1)), 3: (Fraction(1, 1), Fraction(1, 1)), 4: (Fraction(1, 1), Fraction(1, 1)), 6: (Fraction(0, 1), Fraction(0, 1)), 8: (Fraction(1, 1), Fraction(1, 1))}
18 (2, 3, 6, 7) prim pairs {1: (Fraction(0, 1), Fraction(2, 1)), 5: (Fraction(2, 1), Fraction(0, 1)), 7: (Fraction(1, 1), Fraction(1, 1))} nonprim {2: (Fraction(1, 1), Fraction(1, 1)), 3: (Fraction(0, 1), Fraction(1, 1)), 4: (Fraction(1, 1), Fraction(1, 1)), 6: (Fraction(0, 1), Fraction(0, 1)), 8: (Fraction(1, 1), Fraction(1, 1))}
18 (2, 4, 5, 7) prim pairs {1: (Fraction(0, 1), Fraction(2, 1)), 5: (Fraction(1, 1), Fraction(1, 1)), 7: (Fraction(2, 1), Fraction(0, 1))} nonprim {2: (Fraction(1, 1), Fraction(1, 1)), 3: (Fraction(1, 1), Fraction(1, 1)), 4: (Fraction(1, 1), Fraction(1, 1)), 6: (Fraction(1, 1), Fraction(1, 1)), 8: (Fraction(1, 1), Fraction(1, 1))}
18 (2, 4, 15, 15) prim pairs {1: (Fraction(1, 1), Fraction(1, 1)), 5: (Fraction(0, 1), Fraction(2, 1)), 7: (Fraction(2, 1), Fraction(0, 1))} nonprim {2: (Fraction(1, 1), Fraction(1, 1)), 3: (Fraction(1, 1), Fraction(1, 1)), 4: (Fraction(1, 1), Fraction(1, 1)), 6: (Fraction(0, 1), Fraction(0, 1)), 8: (Fraction(2, 1), Fraction(0, 1))}
18 (2, 5, 5, 6) prim pairs {1: (Fraction(0, 1), Fraction(2, 1)), 5: (Fraction(1, 1), Fraction(1, 1)), 7: (Fraction(2, 1), Fraction(0, 1))} nonprim {2: (Fraction(1, 1), Fraction(1, 1)), 3: (Fraction(1, 1), Fraction(0, 1)), 4: (Fraction(0, 1), Fraction(2, 1)), 6: (Fraction(1, 1), Fraction(0, 1)), 8: (Fraction(1, 1), Fraction(1, 1))}
18 (2, 7, 10, 17) prim pairs {1: (Fraction(1, 1), Fraction(1, 1)), 5: (Fraction(2, 1), Fraction(0, 1)), 7: (Fraction(2, 1), Fraction(0, 1))} nonprim {2: (Fraction(1, 1), Fraction(1, 1)), 3: (Fraction(1, 1), Fraction(1, 1)), 4: (Fraction(1, 1), Fraction(1, 1)), 6: (Fraction(1, 1), Fraction(1, 1)), 8: (Fraction(1, 1), Fraction(1, 1))}
18 (3, 3, 4, 8) prim pairs {1: (Fraction(0, 1), Fraction(2, 1)), 5: (Fraction(1, 1), Fraction(1, 1)), 7: (Fraction(0, 1), Fraction(2, 1))} nonprim {2: (Fraction(1, 1), Fraction(1, 1)), 3: (Fraction(1, 1), Fraction(1, 1)), 4: (Fraction(2, 1), Fraction(0, 1)), 6: (Fraction(0, 1), Fraction(0, 1)), 8: (Fraction(1, 1), Fraction(1, 1))}
18 (3, 3, 5, 7) prim pairs {1: (Fraction(0, 1), Fraction(2, 1)), 5: (Fraction(2, 1), Fraction(0, 1)), 7: (Fraction(1, 1), Fraction(1, 1))} nonprim {2: (Fraction(1, 1), Fraction(1, 1)), 3: (Fraction(1, 1), Fraction(1, 1)), 4: (Fraction(1, 1), Fraction(1, 1)), 6: (Fraction(0, 1), Fraction(0, 1)), 8: (Fraction(0, 1), Fraction(2, 1))}
18 (3, 3, 13, 17) prim pairs {1: (Fraction(1, 1), Fraction(1, 1)), 5: (Fraction(2, 1), Fraction(0, 1)), 7: (Fraction(0, 1), Fraction(2, 1))} nonprim {2: (Fraction(1, 1), Fraction(1, 1)), 3: (Fraction(1, 1), Fraction(1, 1)), 4: (Fraction(2, 1), Fraction(0, 1)), 6: (Fraction(0, 1), Fraction(0, 1)), 8: (Fraction(1, 1), Fraction(1, 1))}
18 (3, 3, 14, 16) prim pairs {1: (Fraction(1, 1), Fraction(1, 1)), 5: (Fraction(2, 1), Fraction(0, 1)), 7: (Fraction(0, 1), Fraction(2, 1))} nonprim {2: (Fraction(1, 1), Fraction(1, 1)), 3: (Fraction(1, 1), Fraction(1, 1)), 4: (Fraction(1, 1), Fraction(1, 1)), 6: (Fraction(0, 1), Fraction(0, 1)), 8: (Fraction(0, 1), Fraction(2, 1))}
18 (3, 5, 5, 5) prim pairs {1: (Fraction(0, 1), Fraction(2, 1)), 5: (Fraction(1, 1), Fraction(1, 1)), 7: (Fraction(2, 1), Fraction(0, 1))} nonprim {2: (Fraction(1, 1), Fraction(1, 1)), 3: (Fraction(2, 1), Fraction(0, 1)), 4: (Fraction(0, 1), Fraction(2, 1)), 6: (Fraction(1, 1), Fraction(0, 1)), 8: (Fraction(0, 1), Fraction(2, 1))}
18 (3, 6, 13, 14) prim pairs {1: (Fraction(1, 1), Fraction(1, 1)), 5: (Fraction(2, 1), Fraction(0, 1)), 7: (Fraction(0, 1), Fraction(2, 1))} nonprim {2: (Fraction(1, 1), Fraction(1, 1)), 3: (Fraction(0, 1), Fraction(1, 1)), 4: (Fraction(1, 1), Fraction(1, 1)), 6: (Fraction(0, 1), Fraction(0, 1)), 8: (Fraction(1, 1), Fraction(1, 1))}
18 (3, 7, 13, 13) prim pairs {1: (Fraction(1, 1), Fraction(1, 1)), 5: (Fraction(2, 1), Fraction(0, 1)), 7: (Fraction(0, 1), Fraction(2, 1))} nonprim {2: (Fraction(1, 1), Fraction(1, 1)), 3: (Fraction(0, 1), Fraction(2, 1)), 4: (Fraction(2, 1), Fraction(0, 1)), 6: (Fraction(0, 1), Fraction(1, 1)), 8: (Fraction(1, 1), Fraction(1, 1))}
18 (3, 11, 11, 11) prim pairs {1: (Fraction(1, 1), Fraction(1, 1)), 5: (Fraction(0, 1), Fraction(2, 1)), 7: (Fraction(0, 1), Fraction(2, 1))} nonprim {2: (Fraction(0, 1), Fraction(2, 1)), 3: (Fraction(2, 1), Fraction(0, 1)), 4: (Fraction(1, 1), Fraction(1, 1)), 6: (Fraction(1, 1), Fraction(0, 1)), 8: (Fraction(2, 1), Fraction(0, 1))}
18 (3, 17, 17, 17) prim pairs {1: (Fraction(2, 1), Fraction(0, 1)), 5: (Fraction(2, 1), Fraction(0, 1)), 7: (Fraction(1, 1), Fraction(1, 1))} nonprim {2: (Fraction(2, 1), Fraction(0, 1)), 3: (Fraction(2, 1), Fraction(0, 1)), 4: (Fraction(2, 1), Fraction(0, 1)), 6: (Fraction(1, 1), Fraction(0, 1)), 8: (Fraction(1, 1), Fraction(1, 1))}
18 (4, 5, 12, 15) prim pairs {1: (Fraction(1, 1), Fraction(1, 1)), 5: (Fraction(0, 1), Fraction(2, 1)), 7: (Fraction(2, 1), Fraction(0, 1))} nonprim {2: (Fraction(1, 1), Fraction(1, 1)), 3: (Fraction(1, 1), Fraction(0, 1)), 4: (Fraction(1, 1), Fraction(1, 1)), 6: (Fraction(0, 1), Fraction(0, 1)), 8: (Fraction(1, 1), Fraction(1, 1))}
18 (4, 8, 11, 13) prim pairs {1: (Fraction(1, 1), Fraction(1, 1)), 5: (Fraction(0, 1), Fraction(2, 1)), 7: (Fraction(0, 1), Fraction(2, 1))} nonprim {2: (Fraction(1, 1), Fraction(1, 1)), 3: (Fraction(1, 1), Fraction(1, 1)), 4: (Fraction(2, 1), Fraction(0, 1)), 6: (Fraction(1, 1), Fraction(1, 1)), 8: (Fraction(2, 1), Fraction(0, 1))}
18 (5, 5, 11, 15) prim pairs {1: (Fraction(1, 1), Fraction(1, 1)), 5: (Fraction(0, 1), Fraction(2, 1)), 7: (Fraction(2, 1), Fraction(0, 1))} nonprim {2: (Fraction(1, 1), Fraction(1, 1)), 3: (Fraction(2, 1), Fraction(0, 1)), 4: (Fraction(0, 1), Fraction(2, 1)), 6: (Fraction(1, 1), Fraction(0, 1)), 8: (Fraction(1, 1), Fraction(1, 1))}
18 (5, 7, 7, 17) prim pairs {1: (Fraction(1, 1), Fraction(1, 1)), 5: (Fraction(2, 1), Fraction(0, 1)), 7: (Fraction(2, 1), Fraction(0, 1))} nonprim {2: (Fraction(2, 1), Fraction(0, 1)), 3: (Fraction(1, 1), Fraction(1, 1)), 4: (Fraction(1, 1), Fraction(1, 1)), 6: (Fraction(1, 1), Fraction(1, 1)), 8: (Fraction(0, 1), Fraction(2, 1))}
18 (5, 7, 10, 14) prim pairs {1: (Fraction(1, 1), Fraction(1, 1)), 5: (Fraction(2, 1), Fraction(0, 1)), 7: (Fraction(2, 1), Fraction(0, 1))} nonprim {2: (Fraction(1, 1), Fraction(1, 1)), 3: (Fraction(1, 1), Fraction(1, 1)), 4: (Fraction(0, 1), Fraction(2, 1)), 6: (Fraction(1, 1), Fraction(1, 1)), 8: (Fraction(0, 1), Fraction(2, 1))}
18 (5, 15, 17, 17) prim pairs {1: (Fraction(2, 1), Fraction(0, 1)), 5: (Fraction(1, 1), Fraction(1, 1)), 7: (Fraction(2, 1), Fraction(0, 1))} nonprim {2: (Fraction(2, 1), Fraction(0, 1)), 3: (Fraction(2, 1), Fraction(0, 1)), 4: (Fraction(1, 1), Fraction(1, 1)), 6: (Fraction(1, 1), Fraction(0, 1)), 8: (Fraction(1, 1), Fraction(1, 1))}
18 (6, 8, 11, 11) prim pairs {1: (Fraction(1, 1), Fraction(1, 1)), 5: (Fraction(0, 1), Fraction(2, 1)), 7: (Fraction(0, 1), Fraction(2, 1))} nonprim {2: (Fraction(1, 1), Fraction(1, 1)), 3: (Fraction(1, 1), Fraction(0, 1)), 4: (Fraction(1, 1), Fraction(1, 1)), 6: (Fraction(1, 1), Fraction(0, 1)), 8: (Fraction(2, 1), Fraction(0, 1))}
18 (6, 14, 17, 17) prim pairs {1: (Fraction(2, 1), Fraction(0, 1)), 5: (Fraction(2, 1), Fraction(0, 1)), 7: (Fraction(1, 1), Fraction(1, 1))} nonprim {2: (Fraction(2, 1), Fraction(0, 1)), 3: (Fraction(1, 1), Fraction(0, 1)), 4: (Fraction(1, 1), Fraction(1, 1)), 6: (Fraction(1, 1), Fraction(0, 1)), 8: (Fraction(1, 1), Fraction(1, 1))}
18 (7, 7, 7, 15) prim pairs {1: (Fraction(1, 1), Fraction(1, 1)), 5: (Fraction(2, 1), Fraction(0, 1)), 7: (Fraction(2, 1), Fraction(0, 1))} nonprim {2: (Fraction(2, 1), Fraction(0, 1)), 3: (Fraction(0, 1), Fraction(2, 1)), 4: (Fraction(1, 1), Fraction(1, 1)), 6: (Fraction(0, 1), Fraction(1, 1)), 8: (Fraction(0, 1), Fraction(2, 1))}
18 (7, 7, 10, 12) prim pairs {1: (Fraction(1, 1), Fraction(1, 1)), 5: (Fraction(2, 1), Fraction(0, 1)), 7: (Fraction(2, 1), Fraction(0, 1))} nonprim {2: (Fraction(1, 1), Fraction(1, 1)), 3: (Fraction(0, 1), Fraction(1, 1)), 4: (Fraction(1, 1), Fraction(1, 1)), 6: (Fraction(0, 1), Fraction(1, 1)), 8: (Fraction(0, 1), Fraction(2, 1))}
18 (7, 9, 10, 10) prim pairs {1: (Fraction(1, 1), Fraction(1, 1)), 5: (Fraction(2, 1), Fraction(0, 1)), 7: (Fraction(2, 1), Fraction(0, 1))} nonprim {2: (Fraction(0, 1), Fraction(1, 1)), 3: (Fraction(1, 1), Fraction(1, 1)), 4: (Fraction(0, 1), Fraction(1, 1)), 6: (Fraction(0, 1), Fraction(1, 1)), 8: (Fraction(0, 1), Fraction(1, 1))}
18 (7, 13, 17, 17) prim pairs {1: (Fraction(2, 1), Fraction(0, 1)), 5: (Fraction(2, 1), Fraction(0, 1)), 7: (Fraction(1, 1), Fraction(1, 1))} nonprim {2: (Fraction(2, 1), Fraction(0, 1)), 3: (Fraction(1, 1), Fraction(1, 1)), 4: (Fraction(2, 1), Fraction(0, 1)), 6: (Fraction(1, 1), Fraction(1, 1)), 8: (Fraction(1, 1), Fraction(1, 1))}
18 (7, 14, 16, 17) prim pairs {1: (Fraction(2, 1), Fraction(0, 1)), 5: (Fraction(2, 1), Fraction(0, 1)), 7: (Fraction(1, 1), Fraction(1, 1))} nonprim {2: (Fraction(2, 1), Fraction(0, 1)), 3: (Fraction(1, 1), Fraction(1, 1)), 4: (Fraction(1, 1), Fraction(1, 1)), 6: (Fraction(1, 1), Fraction(1, 1)), 8: (Fraction(0, 1), Fraction(2, 1))}
18 (7, 15, 15, 17) prim pairs {1: (Fraction(2, 1), Fraction(0, 1)), 5: (Fraction(1, 1), Fraction(1, 1)), 7: (Fraction(2, 1), Fraction(0, 1))} nonprim {2: (Fraction(2, 1), Fraction(0, 1)), 3: (Fraction(1, 1), Fraction(1, 1)), 4: (Fraction(1, 1), Fraction(1, 1)), 6: (Fraction(0, 1), Fraction(0, 1)), 8: (Fraction(1, 1), Fraction(1, 1))}
18 (8, 8, 9, 11) prim pairs {1: (Fraction(1, 1), Fraction(1, 1)), 5: (Fraction(0, 1), Fraction(2, 1)), 7: (Fraction(0, 1), Fraction(2, 1))} nonprim {2: (Fraction(1, 1), Fraction(0, 1)), 3: (Fraction(1, 1), Fraction(1, 1)), 4: (Fraction(1, 1), Fraction(0, 1)), 6: (Fraction(1, 1), Fraction(0, 1)), 8: (Fraction(1, 1), Fraction(0, 1))}
18 (8, 13, 16, 17) prim pairs {1: (Fraction(2, 1), Fraction(0, 1)), 5: (Fraction(1, 1), Fraction(1, 1)), 7: (Fraction(0, 1), Fraction(2, 1))} nonprim {2: (Fraction(2, 1), Fraction(0, 1)), 3: (Fraction(1, 1), Fraction(1, 1)), 4: (Fraction(2, 1), Fraction(0, 1)), 6: (Fraction(1, 1), Fraction(1, 1)), 8: (Fraction(1, 1), Fraction(1, 1))}
18 (8, 15, 15, 16) prim pairs {1: (Fraction(2, 1), Fraction(0, 1)), 5: (Fraction(0, 1), Fraction(2, 1)), 7: (Fraction(1, 1), Fraction(1, 1))} nonprim {2: (Fraction(2, 1), Fraction(0, 1)), 3: (Fraction(1, 1), Fraction(1, 1)), 4: (Fraction(1, 1), Fraction(1, 1)), 6: (Fraction(0, 1), Fraction(0, 1)), 8: (Fraction(1, 1), Fraction(1, 1))}
18 (9, 13, 16, 16) prim pairs {1: (Fraction(2, 1), Fraction(0, 1)), 5: (Fraction(1, 1), Fraction(1, 1)), 7: (Fraction(0, 1), Fraction(2, 1))} nonprim {2: (Fraction(1, 1), Fraction(0, 1)), 3: (Fraction(1, 1), Fraction(1, 1)), 4: (Fraction(1, 1), Fraction(0, 1)), 6: (Fraction(0, 1), Fraction(1, 1)), 8: (Fraction(0, 1), Fraction(1, 1))}
18 (9, 14, 14, 17) prim pairs {1: (Fraction(2, 1), Fraction(0, 1)), 5: (Fraction(2, 1), Fraction(0, 1)), 7: (Fraction(1, 1), Fraction(1, 1))} nonprim {2: (Fraction(1, 1), Fraction(0, 1)), 3: (Fraction(1, 1), Fraction(1, 1)), 4: (Fraction(0, 1), Fraction(1, 1)), 6: (Fraction(1, 1), Fraction(0, 1)), 8: (Fraction(0, 1), Fraction(1, 1))}
18 (10, 12, 15, 17) prim pairs {1: (Fraction(2, 1), Fraction(0, 1)), 5: (Fraction(1, 1), Fraction(1, 1)), 7: (Fraction(2, 1), Fraction(0, 1))} nonprim {2: (Fraction(1, 1), Fraction(1, 1)), 3: (Fraction(1, 1), Fraction(0, 1)), 4: (Fraction(1, 1), Fraction(1, 1)), 6: (Fraction(0, 1), Fraction(0, 1)), 8: (Fraction(1, 1), Fraction(1, 1))}
18 (10, 13, 14, 17) prim pairs {1: (Fraction(2, 1), Fraction(0, 1)), 5: (Fraction(2, 1), Fraction(0, 1)), 7: (Fraction(1, 1), Fraction(1, 1))} nonprim {2: (Fraction(1, 1), Fraction(1, 1)), 3: (Fraction(1, 1), Fraction(1, 1)), 4: (Fraction(1, 1), Fraction(1, 1)), 6: (Fraction(1, 1), Fraction(1, 1)), 8: (Fraction(1, 1), Fraction(1, 1))}
18 (10, 14, 15, 15) prim pairs {1: (Fraction(2, 1), Fraction(0, 1)), 5: (Fraction(1, 1), Fraction(1, 1)), 7: (Fraction(2, 1), Fraction(0, 1))} nonprim {2: (Fraction(1, 1), Fraction(1, 1)), 3: (Fraction(1, 1), Fraction(1, 1)), 4: (Fraction(0, 1), Fraction(2, 1)), 6: (Fraction(0, 1), Fraction(0, 1)), 8: (Fraction(1, 1), Fraction(1, 1))}
18 (11, 11, 15, 17) prim pairs {1: (Fraction(2, 1), Fraction(0, 1)), 5: (Fraction(0, 1), Fraction(2, 1)), 7: (Fraction(1, 1), Fraction(1, 1))} nonprim {2: (Fraction(1, 1), Fraction(1, 1)), 3: (Fraction(2, 1), Fraction(0, 1)), 4: (Fraction(1, 1), Fraction(1, 1)), 6: (Fraction(1, 1), Fraction(0, 1)), 8: (Fraction(2, 1), Fraction(0, 1))}
18 (11, 12, 15, 16) prim pairs {1: (Fraction(2, 1), Fraction(0, 1)), 5: (Fraction(0, 1), Fraction(2, 1)), 7: (Fraction(1, 1), Fraction(1, 1))} nonprim {2: (Fraction(1, 1), Fraction(1, 1)), 3: (Fraction(1, 1), Fraction(0, 1)), 4: (Fraction(1, 1), Fraction(1, 1)), 6: (Fraction(0, 1), Fraction(0, 1)), 8: (Fraction(1, 1), Fraction(1, 1))}
18 (11, 13, 13, 17) prim pairs {1: (Fraction(2, 1), Fraction(0, 1)), 5: (Fraction(1, 1), Fraction(1, 1)), 7: (Fraction(0, 1), Fraction(2, 1))} nonprim {2: (Fraction(1, 1), Fraction(1, 1)), 3: (Fraction(1, 1), Fraction(1, 1)), 4: (Fraction(2, 1), Fraction(0, 1)), 6: (Fraction(1, 1), Fraction(1, 1)), 8: (Fraction(2, 1), Fraction(0, 1))}
18 (11, 13, 14, 16) prim pairs {1: (Fraction(2, 1), Fraction(0, 1)), 5: (Fraction(1, 1), Fraction(1, 1)), 7: (Fraction(0, 1), Fraction(2, 1))} nonprim {2: (Fraction(1, 1), Fraction(1, 1)), 3: (Fraction(1, 1), Fraction(1, 1)), 4: (Fraction(1, 1), Fraction(1, 1)), 6: (Fraction(1, 1), Fraction(1, 1)), 8: (Fraction(1, 1), Fraction(1, 1))}
18 (11, 13, 15, 15) prim pairs {1: (Fraction(2, 1), Fraction(0, 1)), 5: (Fraction(0, 1), Fraction(2, 1)), 7: (Fraction(1, 1), Fraction(1, 1))} nonprim {2: (Fraction(1, 1), Fraction(1, 1)), 3: (Fraction(1, 1), Fraction(1, 1)), 4: (Fraction(1, 1), Fraction(1, 1)), 6: (Fraction(0, 1), Fraction(0, 1)), 8: (Fraction(2, 1), Fraction(0, 1))}
18 (12, 13, 13, 16) prim pairs {1: (Fraction(2, 1), Fraction(0, 1)), 5: (Fraction(1, 1), Fraction(1, 1)), 7: (Fraction(0, 1), Fraction(2, 1))} nonprim {2: (Fraction(1, 1), Fraction(1, 1)), 3: (Fraction(0, 1), Fraction(1, 1)), 4: (Fraction(2, 1), Fraction(0, 1)), 6: (Fraction(0, 1), Fraction(1, 1)), 8: (Fraction(1, 1), Fraction(1, 1))}
18 (13, 13, 13, 15) prim pairs {1: (Fraction(2, 1), Fraction(0, 1)), 5: (Fraction(1, 1), Fraction(1, 1)), 7: (Fraction(0, 1), Fraction(2, 1))} nonprim {2: (Fraction(1, 1), Fraction(1, 1)), 3: (Fraction(0, 1), Fraction(2, 1)), 4: (Fraction(2, 1), Fraction(0, 1)), 6: (Fraction(0, 1), Fraction(1, 1)), 8: (Fraction(2, 1), Fraction(0, 1))}
